Archive member included because of file (symbol)

c:/program files (x86)/gnu tools arm embedded/4.7 2013q1/bin/../lib/gcc/arm-none-eabi/4.7.3/armv7e-m\libgcc.a(_arm_addsubdf3.o)
                              C:\Users\Flash\AppData\Local\Temp\ccPdX6pm.ltrans0.ltrans.o (__aeabi_dadd)
c:/program files (x86)/gnu tools arm embedded/4.7 2013q1/bin/../lib/gcc/arm-none-eabi/4.7.3/armv7e-m\libgcc.a(_arm_muldivdf3.o)
                              C:\Users\Flash\AppData\Local\Temp\ccPdX6pm.ltrans0.ltrans.o (__aeabi_dmul)
c:/program files (x86)/gnu tools arm embedded/4.7 2013q1/bin/../lib/gcc/arm-none-eabi/4.7.3/armv7e-m\libgcc.a(_arm_cmpdf2.o)
                              C:\Users\Flash\AppData\Local\Temp\ccPdX6pm.ltrans0.ltrans.o (__aeabi_dcmpgt)
c:/program files (x86)/gnu tools arm embedded/4.7 2013q1/bin/../lib/gcc/arm-none-eabi/4.7.3/armv7e-m\libgcc.a(_arm_fixunsdfsi.o)
                              C:\Users\Flash\AppData\Local\Temp\ccPdX6pm.ltrans0.ltrans.o (__aeabi_d2uiz)

Discarded input sections

 .text          0x00000000        0x0 ..\obj\startup_stm32f4xx.o (symbol from plugin)
 .data          0x00000000        0x0 c:/program files (x86)/gnu tools arm embedded/4.7 2013q1/bin/../lib/gcc/arm-none-eabi/4.7.3/armv7e-m\libgcc.a(_arm_addsubdf3.o)
 .bss           0x00000000        0x0 c:/program files (x86)/gnu tools arm embedded/4.7 2013q1/bin/../lib/gcc/arm-none-eabi/4.7.3/armv7e-m\libgcc.a(_arm_addsubdf3.o)
 .data          0x00000000        0x0 c:/program files (x86)/gnu tools arm embedded/4.7 2013q1/bin/../lib/gcc/arm-none-eabi/4.7.3/armv7e-m\libgcc.a(_arm_muldivdf3.o)
 .bss           0x00000000        0x0 c:/program files (x86)/gnu tools arm embedded/4.7 2013q1/bin/../lib/gcc/arm-none-eabi/4.7.3/armv7e-m\libgcc.a(_arm_muldivdf3.o)
 .data          0x00000000        0x0 c:/program files (x86)/gnu tools arm embedded/4.7 2013q1/bin/../lib/gcc/arm-none-eabi/4.7.3/armv7e-m\libgcc.a(_arm_cmpdf2.o)
 .bss           0x00000000        0x0 c:/program files (x86)/gnu tools arm embedded/4.7 2013q1/bin/../lib/gcc/arm-none-eabi/4.7.3/armv7e-m\libgcc.a(_arm_cmpdf2.o)
 .data          0x00000000        0x0 c:/program files (x86)/gnu tools arm embedded/4.7 2013q1/bin/../lib/gcc/arm-none-eabi/4.7.3/armv7e-m\libgcc.a(_arm_fixunsdfsi.o)
 .bss           0x00000000        0x0 c:/program files (x86)/gnu tools arm embedded/4.7 2013q1/bin/../lib/gcc/arm-none-eabi/4.7.3/armv7e-m\libgcc.a(_arm_fixunsdfsi.o)
 .text          0x00000000        0x0 ..\obj\main.o (symbol from plugin)
 .text          0x00000000        0x0 ..\obj\stm32f4xx_rcc.o (symbol from plugin)
 .text          0x00000000        0x0 ..\obj\stm32f4xx_it.o (symbol from plugin)
 .text          0x00000000        0x0 ..\obj\stm32f4xx_gpio.o (symbol from plugin)
 .text          0x00000000        0x0 ..\obj\system_stm32f4xx.o (symbol from plugin)

Memory Configuration

Name             Origin             Length             Attributes
rom              0x08000000         0x00100000         xr
ram              0x20000000         0x00020000         xrw
ram1             0x10000000         0x00010000         xrw
*default*        0x00000000         0xffffffff

Linker script and memory map

                0x20020000                _eram = 0x20020000

.text           0x08000000     0x1974
 *(.isr_vector)
 .isr_vector    0x08000000      0x188 C:\Users\Flash\AppData\Local\Temp\ccPdX6pm.ltrans0.ltrans.o
                0x08000000                g_pfnVectors
 *(.text*)
 .text          0x08000188      0xf08 C:\Users\Flash\AppData\Local\Temp\ccPdX6pm.ltrans0.ltrans.o
                0x08000188                Reset_Handler
                0x080002b8                main
 .text          0x08001090      0x370 c:/program files (x86)/gnu tools arm embedded/4.7 2013q1/bin/../lib/gcc/arm-none-eabi/4.7.3/armv7e-m\libgcc.a(_arm_addsubdf3.o)
                0x08001090                __aeabi_drsub
                0x08001098                __aeabi_dsub
                0x08001098                __subdf3
                0x0800109c                __aeabi_dadd
                0x0800109c                __adddf3
                0x08001314                __floatunsidf
                0x08001314                __aeabi_ui2d
                0x08001334                __floatsidf
                0x08001334                __aeabi_i2d
                0x08001358                __aeabi_f2d
                0x08001358                __extendsfdf2
                0x08001394                __floatundidf
                0x08001394                __aeabi_ul2d
                0x080013a4                __floatdidf
                0x080013a4                __aeabi_l2d
 .text          0x08001400      0x424 c:/program files (x86)/gnu tools arm embedded/4.7 2013q1/bin/../lib/gcc/arm-none-eabi/4.7.3/armv7e-m\libgcc.a(_arm_muldivdf3.o)
                0x08001400                __aeabi_dmul
                0x08001400                __muldf3
                0x08001654                __divdf3
                0x08001654                __aeabi_ddiv
 .text          0x08001824      0x110 c:/program files (x86)/gnu tools arm embedded/4.7 2013q1/bin/../lib/gcc/arm-none-eabi/4.7.3/armv7e-m\libgcc.a(_arm_cmpdf2.o)
                0x08001824                __gtdf2
                0x08001824                __gedf2
                0x0800182c                __ltdf2
                0x0800182c                __ledf2
                0x08001834                __nedf2
                0x08001834                __eqdf2
                0x08001834                __cmpdf2
                0x080018b0                __aeabi_cdrcmple
                0x080018c0                __aeabi_cdcmpeq
                0x080018c0                __aeabi_cdcmple
                0x080018d0                __aeabi_dcmpeq
                0x080018e4                __aeabi_dcmplt
                0x080018f8                __aeabi_dcmple
                0x0800190c                __aeabi_dcmpge
                0x08001920                __aeabi_dcmpgt
 .text          0x08001934       0x40 c:/program files (x86)/gnu tools arm embedded/4.7 2013q1/bin/../lib/gcc/arm-none-eabi/4.7.3/armv7e-m\libgcc.a(_arm_fixunsdfsi.o)
                0x08001934                __aeabi_d2uiz
                0x08001934                __fixunsdfsi
 *(.init)
 *(.fini)
 *crtbegin.o(.ctors)
 *crtbegin?.o(.ctors)
 *(EXCLUDE_FILE(*crtend.o *crtend?.o) .ctors)
 *(SORT(.ctors.*))
 *(.ctors)
 *crtbegin.o(.dtors)
 *crtbegin?.o(.dtors)
 *(EXCLUDE_FILE(*crtend.o *crtend?.o) .dtors)
 *(SORT(.dtors.*))
 *(.dtors)
 *(.rodata*)
 *(.eh_fram e*)

.glue_7         0x08001974        0x0
 .glue_7        0x00000000        0x0 linker stubs

.glue_7t        0x08001974        0x0
 .glue_7t       0x00000000        0x0 linker stubs

.vfp11_veneer   0x08001974        0x0
 .vfp11_veneer  0x00000000        0x0 linker stubs

.v4_bx          0x08001974        0x0
 .v4_bx         0x00000000        0x0 linker stubs

.iplt           0x08001974        0x0
 .iplt          0x00000000        0x0 C:\Users\Flash\AppData\Local\Temp\ccPdX6pm.ltrans0.ltrans.o

.rel.dyn        0x08001974        0x0
 .rel.iplt      0x00000000        0x0 C:\Users\Flash\AppData\Local\Temp\ccPdX6pm.ltrans0.ltrans.o

.ARM.extab
 *(.ARM.extab* .gnu.linkonce.armextab.*)
                0x08001974                __exidx_start = .

.ARM.exidx
 *(.ARM.exidx* .gnu.linkonce.armexidx.*)
                0x08001974                __exidx_end = .
                0x08001974                __etext = .
                0x08001974                _sidata = __etext

.data           0x20000000       0x24 load address 0x08001974
                0x20000000                __data_start__ = .
                0x20000000                _sdata = __data_start__
 *(vtable)
 *(.data*)
 .data          0x20000000       0x24 C:\Users\Flash\AppData\Local\Temp\ccPdX6pm.ltrans0.ltrans.o
                0x20000024                . = ALIGN (0x4)
                0x20000024                PROVIDE (__preinit_array_start, .)
 *(.preinit_array)
                0x20000024                PROVIDE (__preinit_array_end, .)
                0x20000024                . = ALIGN (0x4)
                0x20000024                PROVIDE (__init_array_start, .)
 *(SORT(.init_array.*))
 *(.init_array)
                0x20000024                PROVIDE (__init_array_end, .)
                0x20000024                . = ALIGN (0x4)
                0x20000024                PROVIDE (__fini_array_start, .)
 *(SORT(.fini_array.*))
 *(.fini_array)
                0x20000024                PROVIDE (__fini_array_end, .)
 *(.jcr*)
                0x20000024                . = ALIGN (0x4)
                0x20000024                __data_end__ = .
                0x20000024                _edata = __data_end__

.igot.plt       0x20000024        0x0 load address 0x08001998
 .igot.plt      0x00000000        0x0 C:\Users\Flash\AppData\Local\Temp\ccPdX6pm.ltrans0.ltrans.o

.bss            0x20000024        0x8 load address 0x08001998
                0x20000024                . = ALIGN (0x4)
                0x20000024                __bss_start__ = .
                0x20000024                _sbss = __bss_start__
 *(.bss*)
 .bss           0x20000024        0x8 C:\Users\Flash\AppData\Local\Temp\ccPdX6pm.ltrans0.ltrans.o
 *(COMMON)
                0x2000002c                . = ALIGN (0x4)
                0x2000002c                __bss_end__ = .
                0x2000002c                _ebss = __bss_end__

.heap           0x2000002c        0x0
                0x2000002c                __end__ = .
                0x2000002c                _end = __end__
                0x2000002c                end = __end__
 *(.heap*)
                0x2000002c                __HeapLimit = .

.co_stack       0x2000002c      0x804 load address 0x080019a0
                0x20000030                . = ALIGN (0x8)
 *fill*         0x2000002c        0x4 00
 *(.co_stack .co_stack.*)
 .co_stack      0x20000030      0x800 C:\Users\Flash\AppData\Local\Temp\ccPdX6pm.ltrans0.ltrans.o
                0x20020000                __StackTop = (ORIGIN (ram) + 0x20000)
                0x2001f7fc                __StackLimit = (__StackTop - SIZEOF (.co_stack))
                0x20020000                PROVIDE (__stack, __StackTop)
                0x00000001                ASSERT ((__StackLimit >= __HeapLimit), region ram  overflowed with stack)
LOAD ..\obj\startup_stm32f4xx.o
LOAD C:\Users\Flash\AppData\Local\Temp\ccPdX6pm.ltrans0.ltrans.o
LOAD c:/program files (x86)/gnu tools arm embedded/4.7 2013q1/bin/../lib/gcc/arm-none-eabi/4.7.3/armv7e-m\libgcc.a
LOAD c:/program files (x86)/gnu tools arm embedded/4.7 2013q1/bin/../lib/gcc/arm-none-eabi/4.7.3/../../../../arm-none-eabi/lib/armv7e-m\libg.a
LOAD c:/program files (x86)/gnu tools arm embedded/4.7 2013q1/bin/../lib/gcc/arm-none-eabi/4.7.3/../../../../arm-none-eabi/lib/armv7e-m\libc.a
LOAD ..\obj\main.o
LOAD ..\obj\stm32f4xx_rcc.o
LOAD ..\obj\stm32f4xx_it.o
LOAD ..\obj\stm32f4xx_gpio.o
LOAD ..\obj\system_stm32f4xx.o
START GROUP
LOAD c:/program files (x86)/gnu tools arm embedded/4.7 2013q1/bin/../lib/gcc/arm-none-eabi/4.7.3/armv7e-m\libgcc.a
LOAD c:/program files (x86)/gnu tools arm embedded/4.7 2013q1/bin/../lib/gcc/arm-none-eabi/4.7.3/../../../../arm-none-eabi/lib/armv7e-m\libg.a
LOAD c:/program files (x86)/gnu tools arm embedded/4.7 2013q1/bin/../lib/gcc/arm-none-eabi/4.7.3/../../../../arm-none-eabi/lib/armv7e-m\libc.a
END GROUP
OUTPUT(DELAY.elf elf32-littlearm)

.debug_info     0x00000000      0x954
 .debug_info    0x00000000      0x954 C:\Users\Flash\AppData\Local\Temp\ccPdX6pm.ltrans0.ltrans.o

.debug_abbrev   0x00000000      0x21f
 .debug_abbrev  0x00000000      0x21f C:\Users\Flash\AppData\Local\Temp\ccPdX6pm.ltrans0.ltrans.o

.debug_loc      0x00000000      0x4a4
 .debug_loc     0x00000000      0x4a4 C:\Users\Flash\AppData\Local\Temp\ccPdX6pm.ltrans0.ltrans.o

.debug_aranges  0x00000000       0x20
 .debug_aranges
                0x00000000       0x20 C:\Users\Flash\AppData\Local\Temp\ccPdX6pm.ltrans0.ltrans.o

.debug_line     0x00000000      0x401
 .debug_line    0x00000000      0x401 C:\Users\Flash\AppData\Local\Temp\ccPdX6pm.ltrans0.ltrans.o

.debug_str      0x00000000      0x9f4
 .debug_str     0x00000000      0x9f4 C:\Users\Flash\AppData\Local\Temp\ccPdX6pm.ltrans0.ltrans.o
                                0xa1a (size before relaxing)

.comment        0x00000000       0x70
 .comment       0x00000000       0x70 C:\Users\Flash\AppData\Local\Temp\ccPdX6pm.ltrans0.ltrans.o
                                 0x71 (size before relaxing)

.ARM.attributes
                0x00000000       0x31
 .ARM.attributes
                0x00000000       0x31 C:\Users\Flash\AppData\Local\Temp\ccPdX6pm.ltrans0.ltrans.o
 .ARM.attributes
                0x00000031       0x1e c:/program files (x86)/gnu tools arm embedded/4.7 2013q1/bin/../lib/gcc/arm-none-eabi/4.7.3/armv7e-m\libgcc.a(_arm_addsubdf3.o)
 .ARM.attributes
                0x0000004f       0x1e c:/program files (x86)/gnu tools arm embedded/4.7 2013q1/bin/../lib/gcc/arm-none-eabi/4.7.3/armv7e-m\libgcc.a(_arm_muldivdf3.o)
 .ARM.attributes
                0x0000006d       0x1e c:/program files (x86)/gnu tools arm embedded/4.7 2013q1/bin/../lib/gcc/arm-none-eabi/4.7.3/armv7e-m\libgcc.a(_arm_cmpdf2.o)
 .ARM.attributes
                0x0000008b       0x1e c:/program files (x86)/gnu tools arm embedded/4.7 2013q1/bin/../lib/gcc/arm-none-eabi/4.7.3/armv7e-m\libgcc.a(_arm_fixunsdfsi.o)

.debug_frame    0x00000000      0x298
 .debug_frame   0x00000000      0x298 C:\Users\Flash\AppData\Local\Temp\ccPdX6pm.ltrans0.ltrans.o
